------------------------------------------------------------
TimeQuest Timing Analyzer Summary
------------------------------------------------------------

Type  : Slow Model Setup 'divide_by_n:clk_12_5_divider|out'
Slack : -5.333
TNS   : -523.289

Type  : Slow Model Setup 'nes_controller_reader:controller_reader|divide_by_n:div|out'
Slack : -2.128
TNS   : -49.171

Type  : Slow Model Setup 'CLOCK_50'
Slack : -1.642
TNS   : -21.888

Type  : Slow Model Hold 'CLOCK_50'
Slack : 0.391
TNS   : 0.000

Type  : Slow Model Hold 'divide_by_n:clk_12_5_divider|out'
Slack : 0.391
TNS   : 0.000

Type  : Slow Model Hold 'nes_controller_reader:controller_reader|divide_by_n:div|out'
Slack : 0.391
TNS   : 0.000

Type  : Slow Model Minimum Pulse Width 'CLOCK_50'
Slack : -1.380
TNS   : -21.380

Type  : Slow Model Minimum Pulse Width 'divide_by_n:clk_12_5_divider|out'
Slack : -0.500
TNS   : -159.000

Type  : Slow Model Minimum Pulse Width 'nes_controller_reader:controller_reader|divide_by_n:div|out'
Slack : -0.500
TNS   : -25.000

Type  : Fast Model Setup 'divide_by_n:clk_12_5_divider|out'
Slack : -1.789
TNS   : -153.757

Type  : Fast Model Setup 'nes_controller_reader:controller_reader|divide_by_n:div|out'
Slack : -0.590
TNS   : -11.881

Type  : Fast Model Setup 'CLOCK_50'
Slack : -0.252
TNS   : -1.259

Type  : Fast Model Hold 'CLOCK_50'
Slack : 0.215
TNS   : 0.000

Type  : Fast Model Hold 'divide_by_n:clk_12_5_divider|out'
Slack : 0.215
TNS   : 0.000

Type  : Fast Model Hold 'nes_controller_reader:controller_reader|divide_by_n:div|out'
Slack : 0.215
TNS   : 0.000

Type  : Fast Model Minimum Pulse Width 'CLOCK_50'
Slack : -1.380
TNS   : -21.380

Type  : Fast Model Minimum Pulse Width 'divide_by_n:clk_12_5_divider|out'
Slack : -0.500
TNS   : -159.000

Type  : Fast Model Minimum Pulse Width 'nes_controller_reader:controller_reader|divide_by_n:div|out'
Slack : -0.500
TNS   : -25.000

------------------------------------------------------------
